Running 100 trials...
Game 0 size: 900 time: 44490 termination: 0
Game 1 size: 900 time: 43181 termination: 0
Game 2 size: 900 time: 48461 termination: 0
Game 3 size: 900 time: 45054 termination: 0
Game 4 size: 900 time: 45493 termination: 0
Game 5 size: 900 time: 46589 termination: 0
Game 6 size: 900 time: 46591 termination: 0
Game 7 size: 900 time: 47636 termination: 0
Game 8 size: 900 time: 46967 termination: 0
Game 9 size: 900 time: 46841 termination: 0
Game 10 size: 900 time: 47135 termination: 0
Game 11 size: 900 time: 49491 termination: 0
Game 12 size: 900 time: 47226 termination: 0
Game 13 size: 900 time: 44426 termination: 0
Game 14 size: 900 time: 45644 termination: 0
Game 15 size: 900 time: 43636 termination: 0
Game 16 size: 900 time: 45369 termination: 0
Game 17 size: 900 time: 45960 termination: 0
Game 18 size: 900 time: 44456 termination: 0
Game 19 size: 900 time: 43917 termination: 0
Game 20 size: 900 time: 47818 termination: 0
Game 21 size: 900 time: 47774 termination: 0
Game 22 size: 900 time: 44022 termination: 0
Game 23 size: 900 time: 43965 termination: 0
Game 24 size: 900 time: 45636 termination: 0
Game 25 size: 900 time: 43617 termination: 0
Game 26 size: 900 time: 46933 termination: 0
Game 27 size: 900 time: 46018 termination: 0
Game 28 size: 900 time: 42984 termination: 0
Game 29 size: 900 time: 45291 termination: 0
Game 30 size: 900 time: 44135 termination: 0
Game 31 size: 900 time: 44752 termination: 0
Game 32 size: 900 time: 44945 termination: 0
Game 33 size: 900 time: 47741 termination: 0
Game 34 size: 900 time: 45727 termination: 0
Game 35 size: 900 time: 42862 termination: 0
Game 36 size: 900 time: 41323 termination: 0
Game 37 size: 900 time: 44097 termination: 0
Game 38 size: 900 time: 44089 termination: 0
Game 39 size: 900 time: 42581 termination: 0
Game 40 size: 900 time: 43000 termination: 0
Game 41 size: 900 time: 44618 termination: 0
Game 42 size: 900 time: 44302 termination: 0
Game 43 size: 900 time: 45099 termination: 0
Game 44 size: 900 time: 47054 termination: 0
Game 45 size: 900 time: 47108 termination: 0
Game 46 size: 900 time: 44417 termination: 0
Game 47 size: 900 time: 45383 termination: 0
Game 48 size: 900 time: 48259 termination: 0
Game 49 size: 900 time: 43721 termination: 0
Game 50 size: 900 time: 45481 termination: 0
Game 51 size: 900 time: 49768 termination: 0
Game 52 size: 900 time: 44823 termination: 0
Game 53 size: 900 time: 46078 termination: 0
Game 54 size: 900 time: 45914 termination: 0
Game 55 size: 900 time: 45214 termination: 0
Game 56 size: 900 time: 49433 termination: 0
Game 57 size: 900 time: 51693 termination: 0
Game 58 size: 900 time: 45202 termination: 0
Game 59 size: 900 time: 44943 termination: 0
Game 60 size: 900 time: 44608 termination: 0
Game 61 size: 900 time: 49094 termination: 0
Game 62 size: 900 time: 50217 termination: 0
Game 63 size: 900 time: 45265 termination: 0
Game 64 size: 900 time: 44823 termination: 0
Game 65 size: 900 time: 46430 termination: 0
Game 66 size: 900 time: 43703 termination: 0
Game 67 size: 900 time: 46000 termination: 0
Game 68 size: 900 time: 45496 termination: 0
Game 69 size: 900 time: 45054 termination: 0
Game 70 size: 900 time: 50951 termination: 0
Game 71 size: 900 time: 47371 termination: 0
Game 72 size: 900 time: 42983 termination: 0
Game 73 size: 900 time: 43357 termination: 0
Game 74 size: 900 time: 44788 termination: 0
Game 75 size: 900 time: 45218 termination: 0
Game 76 size: 900 time: 44651 termination: 0
Game 77 size: 900 time: 46796 termination: 0
Game 78 size: 900 time: 47790 termination: 0
Game 79 size: 900 time: 43949 termination: 0
Game 80 size: 900 time: 43538 termination: 0
Game 81 size: 900 time: 49563 termination: 0
Game 82 size: 900 time: 43935 termination: 0
Game 83 size: 900 time: 47371 termination: 0
Game 84 size: 900 time: 48168 termination: 0
Game 85 size: 900 time: 48378 termination: 0
Game 86 size: 900 time: 48078 termination: 0
Game 87 size: 900 time: 45174 termination: 0
Game 88 size: 900 time: 48142 termination: 0
Game 89 size: 900 time: 46236 termination: 0
Game 90 size: 900 time: 44715 termination: 0
Game 91 size: 900 time: 48153 termination: 0
Game 92 size: 900 time: 48181 termination: 0
Game 93 size: 900 time: 44283 termination: 0
Game 94 size: 900 time: 48173 termination: 0
Game 95 size: 900 time: 45258 termination: 0
Game 96 size: 900 time: 41543 termination: 0
Game 97 size: 900 time: 48385 termination: 0
Game 98 size: 900 time: 49884 termination: 0
Game 99 size: 900 time: 46785 termination: 0
Average size: 900.000000
Average time: 45888.700000
Win rate: 1.000000
Average win time: 45888.700000
Ellapsed time: 16163
